[21:12:10.849] [PUAHForked] [InitStreamWriter] [DebugLog.cs:0] PickUpAndHaul Debug Logger initialized.
[21:12:10.850] [PUAHForked] [ClearDebugLogFile] [DebugLog.cs:0] Debug log file cleared.
[21:12:11.044] [PUAHForked] [GetAvailableCapacity] [ReservationSystem.cs:775] [DEBUG] PRS.GetAvailableCapacity loc=(129, 0, 178) def=Uranium totalCap=75 current=74 reserved=0 pending=0 => available=1 [bucket=param]
[21:12:11.045] [PUAHForked] [GetAvailableCapacity] [ReservationSystem.cs:775] [DEBUG] PRS.GetAvailableCapacity loc=(129, 0, 178) def=Uranium totalCap=75 current=74 reserved=0 pending=0 => available=1 [bucket=global]
[21:12:11.046] [PUAHForked] [AddToStorageLocationCache] [PUAHHaulCaches.cs:183] [DEBUG] Added storage location for Uranium127570 to cache for map 0: (129, 0, 178)
[21:12:11.046] [PUAHForked] [GetAvailableCapacity] [ReservationSystem.cs:775] [DEBUG] PRS.GetAvailableCapacity loc=(129, 0, 178) def=Uranium totalCap=75 current=74 reserved=0 pending=0 => available=1 [bucket=param]
[21:12:11.046] [PUAHForked] [GetAvailableCapacity] [ReservationSystem.cs:775] [DEBUG] PRS.GetAvailableCapacity loc=(129, 0, 178) def=Uranium totalCap=75 current=74 reserved=0 pending=0 => available=1 [bucket=global]
[21:12:11.046] [PUAHForked] [AddToStorageLocationCache] [PUAHHaulCaches.cs:183] [DEBUG] Added storage location for Uranium127571 to cache for map 0: (129, 0, 178)
[21:12:11.046] [PUAHForked] [GetAvailableCapacity] [ReservationSystem.cs:775] [DEBUG] PRS.GetAvailableCapacity loc=(129, 0, 178) def=Uranium totalCap=75 current=74 reserved=0 pending=0 => available=1 [bucket=param]
[21:12:11.046] [PUAHForked] [GetAvailableCapacity] [ReservationSystem.cs:775] [DEBUG] PRS.GetAvailableCapacity loc=(129, 0, 178) def=Uranium totalCap=75 current=74 reserved=0 pending=0 => available=1 [bucket=global]
[21:12:11.046] [PUAHForked] [AddToStorageLocationCache] [PUAHHaulCaches.cs:183] [DEBUG] Added storage location for Uranium127572 to cache for map 0: (129, 0, 178)
[21:12:11.046] [PUAHForked] [GetAvailableCapacity] [ReservationSystem.cs:775] [DEBUG] PRS.GetAvailableCapacity loc=(129, 0, 178) def=Uranium totalCap=75 current=74 reserved=0 pending=0 => available=1 [bucket=param]
[21:12:11.046] [PUAHForked] [GetAvailableCapacity] [ReservationSystem.cs:775] [DEBUG] PRS.GetAvailableCapacity loc=(129, 0, 178) def=Uranium totalCap=75 current=74 reserved=0 pending=0 => available=1 [bucket=global]
[21:12:11.046] [PUAHForked] [AddToStorageLocationCache] [PUAHHaulCaches.cs:183] [DEBUG] Added storage location for Uranium127573 to cache for map 0: (129, 0, 178)
[21:12:11.046] [PUAHForked] [GetAvailableCapacity] [ReservationSystem.cs:775] [DEBUG] PRS.GetAvailableCapacity loc=(129, 0, 178) def=Uranium totalCap=75 current=74 reserved=0 pending=0 => available=1 [bucket=param]
[21:12:11.046] [PUAHForked] [GetAvailableCapacity] [ReservationSystem.cs:775] [DEBUG] PRS.GetAvailableCapacity loc=(129, 0, 178) def=Uranium totalCap=75 current=74 reserved=0 pending=0 => available=1 [bucket=global]
[21:12:11.046] [PUAHForked] [AddToStorageLocationCache] [PUAHHaulCaches.cs:183] [DEBUG] Added storage location for Uranium127574 to cache for map 0: (129, 0, 178)
[21:12:11.046] [PUAHForked] [GetAvailableCapacity] [ReservationSystem.cs:775] [DEBUG] PRS.GetAvailableCapacity loc=(129, 0, 178) def=Uranium totalCap=75 current=74 reserved=0 pending=0 => available=1 [bucket=param]
[21:12:11.046] [PUAHForked] [GetAvailableCapacity] [ReservationSystem.cs:775] [DEBUG] PRS.GetAvailableCapacity loc=(129, 0, 178) def=Uranium totalCap=75 current=74 reserved=0 pending=0 => available=1 [bucket=global]
[21:12:11.046] [PUAHForked] [AddToStorageLocationCache] [PUAHHaulCaches.cs:183] [DEBUG] Added storage location for Uranium127575 to cache for map 0: (129, 0, 178)
[21:12:11.046] [PUAHForked] [GetAvailableCapacity] [ReservationSystem.cs:775] [DEBUG] PRS.GetAvailableCapacity loc=(129, 0, 178) def=Uranium totalCap=75 current=74 reserved=0 pending=0 => available=1 [bucket=param]
[21:12:11.046] [PUAHForked] [GetAvailableCapacity] [ReservationSystem.cs:775] [DEBUG] PRS.GetAvailableCapacity loc=(129, 0, 178) def=Uranium totalCap=75 current=74 reserved=0 pending=0 => available=1 [bucket=global]
[21:12:11.046] [PUAHForked] [AddToStorageLocationCache] [PUAHHaulCaches.cs:183] [DEBUG] Added storage location for Uranium127576 to cache for map 0: (129, 0, 178)
[21:12:11.046] [PUAHForked] [GetAvailableCapacity] [ReservationSystem.cs:775] [DEBUG] PRS.GetAvailableCapacity loc=(129, 0, 178) def=Uranium totalCap=75 current=74 reserved=0 pending=0 => available=1 [bucket=param]
[21:12:11.046] [PUAHForked] [GetAvailableCapacity] [ReservationSystem.cs:775] [DEBUG] PRS.GetAvailableCapacity loc=(129, 0, 178) def=Uranium totalCap=75 current=74 reserved=0 pending=0 => available=1 [bucket=global]
[21:12:11.046] [PUAHForked] [AddToStorageLocationCache] [PUAHHaulCaches.cs:183] [DEBUG] Added storage location for Uranium127577 to cache for map 0: (129, 0, 178)
[21:12:11.046] [PUAHForked] [GetAvailableCapacity] [ReservationSystem.cs:775] [DEBUG] PRS.GetAvailableCapacity loc=(129, 0, 178) def=Uranium totalCap=75 current=74 reserved=0 pending=0 => available=1 [bucket=param]
[21:12:11.046] [PUAHForked] [GetAvailableCapacity] [ReservationSystem.cs:775] [DEBUG] PRS.GetAvailableCapacity loc=(129, 0, 178) def=Uranium totalCap=75 current=74 reserved=0 pending=0 => available=1 [bucket=global]
[21:12:11.046] [PUAHForked] [AddToStorageLocationCache] [PUAHHaulCaches.cs:183] [DEBUG] Added storage location for Uranium127578 to cache for map 0: (129, 0, 178)
[21:12:11.046] [PUAHForked] [GetAvailableCapacity] [ReservationSystem.cs:775] [DEBUG] PRS.GetAvailableCapacity loc=(129, 0, 178) def=Uranium totalCap=75 current=74 reserved=0 pending=0 => available=1 [bucket=param]
[21:12:11.046] [PUAHForked] [GetAvailableCapacity] [ReservationSystem.cs:775] [DEBUG] PRS.GetAvailableCapacity loc=(129, 0, 178) def=Uranium totalCap=75 current=74 reserved=0 pending=0 => available=1 [bucket=global]
[21:12:11.046] [PUAHForked] [AddToStorageLocationCache] [PUAHHaulCaches.cs:183] [DEBUG] Added storage location for Uranium127579 to cache for map 0: (129, 0, 178)
[21:12:11.046] [PUAHForked] [GetAvailableCapacity] [ReservationSystem.cs:775] [DEBUG] PRS.GetAvailableCapacity loc=(129, 0, 178) def=Uranium totalCap=75 current=74 reserved=0 pending=0 => available=1 [bucket=param]
[21:12:11.046] [PUAHForked] [GetAvailableCapacity] [ReservationSystem.cs:775] [DEBUG] PRS.GetAvailableCapacity loc=(129, 0, 178) def=Uranium totalCap=75 current=74 reserved=0 pending=0 => available=1 [bucket=global]
[21:12:11.046] [PUAHForked] [AddToStorageLocationCache] [PUAHHaulCaches.cs:183] [DEBUG] Added storage location for Uranium127580 to cache for map 0: (129, 0, 178)
[21:12:11.046] [PUAHForked] [InitializeStorageLocationCache] [CacheInitializer.cs:91] [DEBUG] Initialized storage location cache for 15 items on map 0
[21:12:11.046] [PUAHForked] [LoadGame_PostFix] [HarmonyPatches.cs:361] [DEBUG] PUAH caches initialized for loaded game

(Undrafted Mila01)
[21:12:13.839] [PUAHForked] [GetAvailableCapacity] [ReservationSystem.cs:775] [DEBUG] PRS.GetAvailableCapacity loc=(129, 0, 178) def=Uranium totalCap=75 current=74 reserved=0 pending=0 => available=1 [bucket=global]
[21:12:13.840] [PUAHForked] [JobOnThing] [WorkGiver_HaulToInventory.cs:233] [DEBUG] Cached storage for Uranium127570: haulDest=cell targetCell=(129, 0, 178)
[21:12:13.841] [PUAHForked] [GetAvailableCapacity] [ReservationSystem.cs:775] [DEBUG] PRS.GetAvailableCapacity loc=(129, 0, 178) def=Uranium totalCap=75 current=74 reserved=0 pending=0 => available=1 [bucket=global]
[21:12:13.841] [PUAHForked] [JobOnThing] [WorkGiver_HaulToInventory.cs:267] [DEBUG] Initial capacity for Uranium127570 at (129, 0, 178): 1
[21:12:13.841] [PUAHForked] [JobOnThing] [WorkGiver_HaulToInventory.cs:277] [DEBUG] -------------------------------------------------------------------
[21:12:13.841] [PUAHForked] [JobOnThing] [WorkGiver_HaulToInventory.cs:278] [DEBUG] ------------------------------------------------------------------
[21:12:13.841] [PUAHForked] [JobOnThing] [WorkGiver_HaulToInventory.cs:279] [DEBUG] Mila01 job found to haul: Uranium127570 to (129, 0, 178):1, looking for more now
[21:12:13.841] [PUAHForked] [JobOnThing] [WorkGiver_HaulToInventory.cs:329] [DEBUG] Search radius for extras: 12 from (127, 0, 184)
[21:12:13.844] [PUAHForked] [GetAvailableCapacity] [ReservationSystem.cs:775] [DEBUG] PRS.GetAvailableCapacity loc=(129, 0, 178) def=Uranium totalCap=75 current=74 reserved=0 pending=0 => available=1 [bucket=param]
[21:12:13.845] [PUAHForked] [GetAvailableCapacity] [ReservationSystem.cs:775] [DEBUG] PRS.GetAvailableCapacity loc=(129, 0, 178) def=Uranium totalCap=75 current=74 reserved=0 pending=0 => available=1 [bucket=param]
[21:12:13.845] [PUAHForked] [AllocateThingAtCell] [WorkGiver_HaulToInventory.cs:657] [DEBUG] Mila01 allocating Uranium127570:75, now (129, 0, 178):-74
[21:12:13.845] [PUAHForked] [AllocateThingAtCell] [WorkGiver_HaulToInventory.cs:685] [DEBUG] Mila01 overdone (129, 0, 178) by 74
[21:12:13.848] [PUAHForked] [RemoveFromStorageLocationCache] [PUAHHaulCaches.cs:198] [DEBUG] Removed storage location for Uranium127570 from cache for map 0
[21:12:13.848] [PUAHForked] [GetAvailableCapacity] [ReservationSystem.cs:775] [DEBUG] PRS.GetAvailableCapacity loc=(129, 0, 178) def=Uranium totalCap=75 current=74 reserved=0 pending=0 => available=1 [bucket=param]
[21:12:13.848] [PUAHForked] [AddToStorageLocationCache] [PUAHHaulCaches.cs:183] [DEBUG] Added storage location for Uranium127570 to cache for map 0: (129, 0, 178)
[21:12:13.848] [PUAHForked] [GetAvailableCapacity] [ReservationSystem.cs:775] [DEBUG] PRS.GetAvailableCapacity loc=(129, 0, 178) def=Uranium totalCap=75 current=74 reserved=0 pending=0 => available=1 [bucket=param]
[21:12:13.848] [PUAHForked] [GetAvailableCapacity] [ReservationSystem.cs:775] [DEBUG] PRS.GetAvailableCapacity loc=(129, 0, 178) def=Uranium totalCap=75 current=74 reserved=0 pending=0 => available=1 [bucket=param]
[21:12:13.848] [PUAHForked] [GetAvailableCapacity] [ReservationSystem.cs:775] [DEBUG] PRS.GetAvailableCapacity loc=(129, 0, 178) def=Uranium totalCap=75 current=74 reserved=0 pending=0 => available=1 [bucket=global]
[21:12:13.848] [PUAHForked] [AllocateThingAtCell] [WorkGiver_HaulToInventory.cs:737] [DEBUG] New cell (129, 0, 178):0, allocated extra 74
[21:12:13.848] [PUAHForked] [AllocateThingAtCell] [WorkGiver_HaulToInventory.cs:685] [DEBUG] Mila01 overdone (129, 0, 178) by 0
[21:12:13.848] [PUAHForked] [AllocateThingAtCell] [WorkGiver_HaulToInventory.cs:691] [DEBUG] Uranium127570:75 allocated (capacity exactly matched)
[21:12:13.848] [PUAHForked] [JobOnThing] [WorkGiver_HaulToInventory.cs:344] [DEBUG] Inventory allocated, will carry Uranium127570:48
[21:12:13.848] [PUAHForked] [JobOnThing] [WorkGiver_HaulToInventory.cs:351] [DEBUG] Multi-thing allocation stopped. nextThingLeftOverCount=48, encumbrance=2.678571
[21:12:13.849] [PUAHForked] [JobOnThing] [WorkGiver_HaulToInventory.cs:368] [DEBUG] Looking for more like Uranium127570
[21:12:13.849] [PUAHForked] [AllocateThingAtCell] [WorkGiver_HaulToInventory.cs:595] [DEBUG] New cell for unstackable Uranium127571 = (129, 0, 178)
[21:12:13.849] [PUAHForked] [GetAvailableCapacity] [ReservationSystem.cs:775] [DEBUG] PRS.GetAvailableCapacity loc=(129, 0, 178) def=Uranium totalCap=75 current=74 reserved=0 pending=0 => available=1 [bucket=param]
[21:12:13.849] [PUAHForked] [AllocateThingAtCell] [WorkGiver_HaulToInventory.cs:657] [DEBUG] Mila01 allocating Uranium127571:75, now (129, 0, 178):-74
[21:12:13.849] [PUAHForked] [AllocateThingAtCell] [WorkGiver_HaulToInventory.cs:685] [DEBUG] Mila01 overdone (129, 0, 178) by 74
[21:12:13.849] [PUAHForked] [RemoveFromStorageLocationCache] [PUAHHaulCaches.cs:198] [DEBUG] Removed storage location for Uranium127571 from cache for map 0
[21:12:13.849] [PUAHForked] [GetAvailableCapacity] [ReservationSystem.cs:775] [DEBUG] PRS.GetAvailableCapacity loc=(129, 0, 178) def=Uranium totalCap=75 current=74 reserved=0 pending=0 => available=1 [bucket=param]
[21:12:13.849] [PUAHForked] [AddToStorageLocationCache] [PUAHHaulCaches.cs:183] [DEBUG] Added storage location for Uranium127571 to cache for map 0: (129, 0, 178)
[21:12:13.849] [PUAHForked] [GetAvailableCapacity] [ReservationSystem.cs:775] [DEBUG] PRS.GetAvailableCapacity loc=(129, 0, 178) def=Uranium totalCap=75 current=74 reserved=0 pending=0 => available=1 [bucket=param]
[21:12:13.849] [PUAHForked] [GetAvailableCapacity] [ReservationSystem.cs:775] [DEBUG] PRS.GetAvailableCapacity loc=(129, 0, 178) def=Uranium totalCap=75 current=74 reserved=0 pending=0 => available=1 [bucket=param]
[21:12:13.849] [PUAHForked] [GetAvailableCapacity] [ReservationSystem.cs:775] [DEBUG] PRS.GetAvailableCapacity loc=(129, 0, 178) def=Uranium totalCap=75 current=74 reserved=0 pending=0 => available=1 [bucket=global]
[21:12:13.849] [PUAHForked] [AllocateThingAtCell] [WorkGiver_HaulToInventory.cs:737] [DEBUG] New cell (129, 0, 178):0, allocated extra 74
[21:12:13.849] [PUAHForked] [AllocateThingAtCell] [WorkGiver_HaulToInventory.cs:685] [DEBUG] Mila01 overdone (129, 0, 178) by 0
[21:12:13.849] [PUAHForked] [AllocateThingAtCell] [WorkGiver_HaulToInventory.cs:691] [DEBUG] Uranium127571:75 allocated (capacity exactly matched)
[21:12:13.849] [PUAHForked] [ValidateJobCount] [WorkGiver_HaulToInventory.cs:181] [WARNING] Main job count was -1 for Uranium127570, setting to 1
[21:12:13.851] [PUAHForked] [TryMakePreToilReservations] [JobDriver_HaulToInventory.cs:14] [DEBUG] Begin TryMakePreToilReservations; A=2, B=3, targetBValid=True
[21:12:13.851] [PUAHForked] [TryMakePreToilReservations] [JobDriver_HaulToInventory.cs:21] [DEBUG] Reserve A: Thing_Uranium127570
[21:12:13.851] [PUAHForked] [TryMakePreToilReservations] [JobDriver_HaulToInventory.cs:25] [DEBUG] Reserved A OK: Thing_Uranium127570
[21:12:13.851] [PUAHForked] [TryMakePreToilReservations] [JobDriver_HaulToInventory.cs:21] [DEBUG] Reserve A: Thing_Uranium127571
[21:12:13.851] [PUAHForked] [TryMakePreToilReservations] [JobDriver_HaulToInventory.cs:25] [DEBUG] Reserved A OK: Thing_Uranium127571
[21:12:13.851] [PUAHForked] [TryMakePreToilReservations] [JobDriver_HaulToInventory.cs:41] [DEBUG] Reserve B: (129, 0, 178)
[21:12:13.851] [PUAHForked] [TryMakePreToilReservations] [JobDriver_HaulToInventory.cs:45] [DEBUG] Reserved B OK: (129, 0, 178)
[21:12:13.851] [PUAHForked] [TryMakePreToilReservations] [JobDriver_HaulToInventory.cs:41] [DEBUG] Reserve B: (129, 0, 178)
[21:12:13.851] [PUAHForked] [TryMakePreToilReservations] [JobDriver_HaulToInventory.cs:45] [DEBUG] Reserved B OK: (129, 0, 178)
[21:12:13.851] [PUAHForked] [TryMakePreToilReservations] [JobDriver_HaulToInventory.cs:41] [DEBUG] Reserve B: (129, 0, 178)
[21:12:13.851] [PUAHForked] [TryMakePreToilReservations] [JobDriver_HaulToInventory.cs:45] [DEBUG] Reserved B OK: (129, 0, 178)
[21:12:13.851] [PUAHForked] [TryMakePreToilReservations] [JobDriver_HaulToInventory.cs:59] [DEBUG] Reserve single targetB: (129, 0, 178)
[21:12:13.851] [PUAHForked] [TryMakePreToilReservations] [JobDriver_HaulToInventory.cs:63] [DEBUG] Reserved targetB OK: (129, 0, 178)
[21:12:13.851] [PUAHForked] [TryMakePreToilReservations] [JobDriver_HaulToInventory.cs:82] [DEBUG] End TryMakePreToilReservations success=True
[21:12:13.853] [PUAHForked] [MakeNewToils] [JobDriver_HaulToInventory.cs:100] [DEBUG] Goto A start: Uranium127570
[21:12:14.984] [PUAHForked] [MakeNewToils] [JobDriver_HaulToInventory.cs:124] [DEBUG] Mila01 is hauling to inventory Uranium127570:28
[21:12:14.985] [PUAHForked] [GetAvailableCapacity] [ReservationSystem.cs:775] [DEBUG] PRS.GetAvailableCapacity loc=(129, 0, 178) def=Uranium totalCap=75 current=74 reserved=0 pending=0 => available=1 [bucket=param]
[21:12:14.985] [PUAHForked] [GetAvailableCapacity] [ReservationSystem.cs:775] [DEBUG] PRS.GetAvailableCapacity loc=(128, 0, 178) def=Uranium totalCap=75 current=65 reserved=0 pending=0 => available=10 [bucket=global]
[21:12:14.985] [PUAHForked] [GetAvailableCapacity] [ReservationSystem.cs:775] [DEBUG] PRS.GetAvailableCapacity loc=(129, 0, 178) def=Uranium totalCap=75 current=74 reserved=0 pending=0 => available=1 [bucket=param]
[21:12:14.985] [PUAHForked] [GetAvailableCapacity] [ReservationSystem.cs:775] [DEBUG] PRS.GetAvailableCapacity loc=(127, 0, 178) def=Uranium totalCap=75 current=70 reserved=0 pending=0 => available=5 [bucket=global]
[21:12:14.985] [PUAHForked] [GetAvailableCapacity] [ReservationSystem.cs:775] [DEBUG] PRS.GetAvailableCapacity loc=(129, 0, 178) def=Uranium totalCap=75 current=74 reserved=0 pending=0 => available=1 [bucket=param]
[21:12:14.985] [PUAHForked] [GetAvailableCapacity] [ReservationSystem.cs:775] [DEBUG] PRS.GetAvailableCapacity loc=(130, 0, 178) def=Uranium totalCap=75 current=70 reserved=0 pending=0 => available=5 [bucket=global]
[21:12:14.987] [PUAHForked] [GetAvailableCapacity] [ReservationSystem.cs:775] [DEBUG] PRS.GetAvailableCapacity loc=(127, 0, 178) def=Uranium totalCap=75 current=70 reserved=0 pending=0 => available=5 [bucket=global]
[21:12:14.987] [PUAHForked] [GetAvailableCapacity] [ReservationSystem.cs:775] [DEBUG] PRS.GetAvailableCapacity loc=(128, 0, 178) def=Uranium totalCap=75 current=65 reserved=0 pending=0 => available=10 [bucket=global]
[21:12:14.987] [PUAHForked] [GetAvailableCapacity] [ReservationSystem.cs:775] [DEBUG] PRS.GetAvailableCapacity loc=(130, 0, 178) def=Uranium totalCap=75 current=70 reserved=0 pending=0 => available=5 [bucket=global]
[21:12:14.987] [PUAHForked] [MakeNewToils] [JobDriver_HaulToInventory.cs:146] [DEBUG] Pickup clamp scan: locationsChecked=3, totalAvailable=20, planned=28
[21:12:14.987] [PUAHForked] [MakeNewToils] [JobDriver_HaulToInventory.cs:149] [DEBUG] Clamping pickup for Uranium127570 to available storage: 20 (was 28)
[21:12:14.987] [PUAHForked] [GetAvailableCapacity] [ReservationSystem.cs:775] [DEBUG] PRS.GetAvailableCapacity loc=(129, 0, 178) def=Uranium totalCap=75 current=74 reserved=0 pending=0 => available=1 [bucket=param]
[21:12:14.987] [PUAHForked] [GetAvailableCapacity] [ReservationSystem.cs:775] [DEBUG] PRS.GetAvailableCapacity loc=(128, 0, 178) def=Uranium totalCap=75 current=65 reserved=0 pending=0 => available=10 [bucket=global]
[21:12:14.987] [PUAHForked] [GetAvailableCapacity] [ReservationSystem.cs:775] [DEBUG] PRS.GetAvailableCapacity loc=(129, 0, 178) def=Uranium totalCap=75 current=74 reserved=0 pending=0 => available=1 [bucket=param]
[21:12:14.987] [PUAHForked] [GetAvailableCapacity] [ReservationSystem.cs:775] [DEBUG] PRS.GetAvailableCapacity loc=(127, 0, 178) def=Uranium totalCap=75 current=70 reserved=0 pending=0 => available=5 [bucket=global]
[21:12:14.987] [PUAHForked] [GetAvailableCapacity] [ReservationSystem.cs:775] [DEBUG] PRS.GetAvailableCapacity loc=(129, 0, 178) def=Uranium totalCap=75 current=74 reserved=0 pending=0 => available=1 [bucket=param]
[21:12:14.987] [PUAHForked] [GetAvailableCapacity] [ReservationSystem.cs:775] [DEBUG] PRS.GetAvailableCapacity loc=(130, 0, 178) def=Uranium totalCap=75 current=70 reserved=0 pending=0 => available=5 [bucket=global]
[21:12:14.987] [PUAHForked] [GetAvailableCapacity] [ReservationSystem.cs:775] [DEBUG] PRS.GetAvailableCapacity loc=(127, 0, 178) def=Uranium totalCap=75 current=70 reserved=0 pending=0 => available=5 [bucket=global]
[21:12:14.987] [PUAHForked] [GetAvailableCapacity] [ReservationSystem.cs:775] [DEBUG] PRS.GetAvailableCapacity loc=(127, 0, 178) def=Uranium totalCap=75 current=70 reserved=0 pending=0 => available=5 [bucket=param]
[21:12:14.987] [PUAHForked] [MakeNewToils] [JobDriver_HaulToInventory.cs:163] [DEBUG] PreReserve at pickup: 5xUranium at (127, 0, 178)
[21:12:14.987] [PUAHForked] [GetAvailableCapacity] [ReservationSystem.cs:775] [DEBUG] PRS.GetAvailableCapacity loc=(128, 0, 178) def=Uranium totalCap=75 current=65 reserved=0 pending=0 => available=10 [bucket=global]
[21:12:14.987] [PUAHForked] [GetAvailableCapacity] [ReservationSystem.cs:775] [DEBUG] PRS.GetAvailableCapacity loc=(128, 0, 178) def=Uranium totalCap=75 current=65 reserved=0 pending=0 => available=10 [bucket=param]
[21:12:14.987] [PUAHForked] [MakeNewToils] [JobDriver_HaulToInventory.cs:163] [DEBUG] PreReserve at pickup: 10xUranium at (128, 0, 178)
[21:12:14.987] [PUAHForked] [GetAvailableCapacity] [ReservationSystem.cs:775] [DEBUG] PRS.GetAvailableCapacity loc=(130, 0, 178) def=Uranium totalCap=75 current=70 reserved=0 pending=0 => available=5 [bucket=global]
[21:12:14.987] [PUAHForked] [GetAvailableCapacity] [ReservationSystem.cs:775] [DEBUG] PRS.GetAvailableCapacity loc=(130, 0, 178) def=Uranium totalCap=75 current=70 reserved=0 pending=0 => available=5 [bucket=param]
[21:12:14.987] [PUAHForked] [MakeNewToils] [JobDriver_HaulToInventory.cs:163] [DEBUG] PreReserve at pickup: 5xUranium at (130, 0, 178)
[21:12:14.988] [PUAHForked] [MakeNewToils] [JobDriver_HaulToInventory.cs:183] [DEBUG] Added to inventory: Uranium127860 now inventoryCount=1
[21:12:14.988] [PUAHForked] [GetAvailableCapacity] [ReservationSystem.cs:775] [DEBUG] PRS.GetAvailableCapacity loc=(129, 0, 178) def=Uranium totalCap=75 current=74 reserved=0 pending=0 => available=1 [bucket=param]
[21:12:14.988] [PUAHForked] [GetAvailableCapacity] [ReservationSystem.cs:775] [DEBUG] PRS.GetAvailableCapacity loc=(128, 0, 178) def=Uranium totalCap=75 current=65 reserved=10 pending=0 => available=0 [bucket=global]
[21:12:15.032] [PUAHForked] [GetAvailableCapacity] [ReservationSystem.cs:775] [DEBUG] PRS.GetAvailableCapacity loc=(129, 0, 178) def=Uranium totalCap=75 current=74 reserved=0 pending=0 => available=1 [bucket=param]
[21:12:15.032] [PUAHForked] [GetAvailableCapacity] [ReservationSystem.cs:775] [DEBUG] PRS.GetAvailableCapacity loc=(129, 0, 178) def=Uranium totalCap=75 current=74 reserved=0 pending=0 => available=1 [bucket=global]
[21:12:15.032] [PUAHForked] [GetAvailableCapacity] [ReservationSystem.cs:775] [DEBUG] PRS.GetAvailableCapacity loc=(129, 0, 178) def=Uranium totalCap=75 current=74 reserved=0 pending=0 => available=1 [bucket=param]
[21:12:15.033] [PUAHForked] [GetAvailableCapacity] [ReservationSystem.cs:775] [DEBUG] PRS.GetAvailableCapacity loc=(128, 0, 178) def=Uranium totalCap=75 current=65 reserved=0 pending=0 => available=10 [bucket=param]
[21:12:15.033] [PUAHForked] [GetAvailableCapacity] [ReservationSystem.cs:775] [DEBUG] PRS.GetAvailableCapacity loc=(127, 0, 178) def=Uranium totalCap=75 current=70 reserved=0 pending=0 => available=5 [bucket=param]
[21:12:15.033] [PUAHForked] [GetAvailableCapacity] [ReservationSystem.cs:775] [DEBUG] PRS.GetAvailableCapacity loc=(130, 0, 178) def=Uranium totalCap=75 current=70 reserved=0 pending=0 => available=5 [bucket=param]
[21:12:15.033] [PUAHForked] [GetAvailableCapacity] [ReservationSystem.cs:775] [DEBUG] PRS.GetAvailableCapacity loc=(129, 0, 178) def=Uranium totalCap=75 current=74 reserved=0 pending=0 => available=1 [bucket=global]
[21:12:15.033] [PUAHForked] [Postfix] [HarmonyPatches_HaulAI.cs:59] [DEBUG] PRS.Postfix HaulToStorageJob ADJUST: pawn=Mila01 thing=Uranium127570 dest=Cell:(129, 0, 178) (mapId=0) count=1 was=55
[21:12:15.033] [PUAHForked] [GetAvailableCapacity] [ReservationSystem.cs:775] [DEBUG] PRS.GetAvailableCapacity loc=(129, 0, 178) def=Uranium totalCap=75 current=74 reserved=0 pending=0 => available=1 [bucket=param]
[21:12:15.033] [PUAHForked] [GetAvailableCapacity] [ReservationSystem.cs:775] [DEBUG] PRS.GetAvailableCapacity loc=(129, 0, 178) def=Uranium totalCap=75 current=74 reserved=0 pending=0 => available=1 [bucket=global]
[21:12:15.033] [PUAHForked] [GetAvailableCapacity] [ReservationSystem.cs:775] [DEBUG] PRS.GetAvailableCapacity loc=(129, 0, 178) def=Uranium totalCap=75 current=74 reserved=0 pending=0 => available=1 [bucket=param]
[21:12:15.033] [PUAHForked] [GetAvailableCapacity] [ReservationSystem.cs:775] [DEBUG] PRS.GetAvailableCapacity loc=(128, 0, 178) def=Uranium totalCap=75 current=65 reserved=0 pending=0 => available=10 [bucket=param]
[21:12:15.033] [PUAHForked] [GetAvailableCapacity] [ReservationSystem.cs:775] [DEBUG] PRS.GetAvailableCapacity loc=(127, 0, 178) def=Uranium totalCap=75 current=70 reserved=0 pending=0 => available=5 [bucket=param]
[21:12:15.033] [PUAHForked] [GetAvailableCapacity] [ReservationSystem.cs:775] [DEBUG] PRS.GetAvailableCapacity loc=(130, 0, 178) def=Uranium totalCap=75 current=70 reserved=0 pending=0 => available=5 [bucket=param]
[21:12:15.033] [PUAHForked] [GetAvailableCapacity] [ReservationSystem.cs:775] [DEBUG] PRS.GetAvailableCapacity loc=(129, 0, 178) def=Uranium totalCap=75 current=74 reserved=0 pending=0 => available=1 [bucket=global]
[21:12:15.033] [PUAHForked] [Postfix] [HarmonyPatches_HaulAI.cs:59] [DEBUG] PRS.Postfix HaulToStorageJob ADJUST: pawn=Mila01 thing=Uranium127570 dest=Cell:(129, 0, 178) (mapId=0) count=1 was=55
[21:12:15.033] [PUAHForked] [GetAvailableCapacity] [ReservationSystem.cs:775] [DEBUG] PRS.GetAvailableCapacity loc=(129, 0, 178) def=Uranium totalCap=75 current=74 reserved=0 pending=0 => available=1 [bucket=param]
[21:12:15.033] [PUAHForked] [GetAvailableCapacity] [ReservationSystem.cs:775] [DEBUG] PRS.GetAvailableCapacity loc=(129, 0, 178) def=Uranium totalCap=75 current=74 reserved=0 pending=0 => available=1 [bucket=param]
[21:12:15.033] [PUAHForked] [GetAvailableCapacity] [ReservationSystem.cs:775] [DEBUG] PRS.GetAvailableCapacity loc=(129, 0, 178) def=Uranium totalCap=75 current=74 reserved=1 pending=0 => available=0 [bucket=param]
[21:12:15.033] [PUAHForked] [GetAvailableCapacity] [ReservationSystem.cs:775] [DEBUG] PRS.GetAvailableCapacity loc=(129, 0, 178) def=Uranium totalCap=75 current=74 reserved=1 pending=0 => available=0 [bucket=param]
[21:12:15.035] [PUAHForked] [GetAvailableCapacity] [ReservationSystem.cs:775] [DEBUG] PRS.GetAvailableCapacity loc=(129, 0, 178) def=Uranium totalCap=75 current=74 reserved=1 pending=0 => available=0 [bucket=param]
[21:12:15.036] [PUAHForked] [GetAvailableCapacity] [ReservationSystem.cs:775] [DEBUG] PRS.GetAvailableCapacity loc=(129, 0, 178) def=Uranium totalCap=75 current=74 reserved=1 pending=0 => available=0 [bucket=param]
[21:12:15.041] [PUAHForked] [GetAvailableCapacity] [ReservationSystem.cs:775] [DEBUG] PRS.GetAvailableCapacity loc=(129, 0, 178) def=Uranium totalCap=75 current=74 reserved=1 pending=0 => available=0 [bucket=param]

(Unpaused the game)
[21:12:17.132] [PUAHForked] [MakeNewToils] [JobDriver_UnloadYourHauledInventory.cs:26] [DEBUG] Begin UnloadYourHauledInventory for Mila01, items=1
[21:12:17.183] [PUAHForked] [FindTargetOrDrop] [JobDriver_UnloadYourHauledInventory.cs:145] [DEBUG] FindTargetOrDrop: next unload=Uranium127860 count=20
[21:12:17.183] [PUAHForked] [GetAvailableCapacity] [ReservationSystem.cs:775] [DEBUG] PRS.GetAvailableCapacity loc=(128, 0, 178) def=Uranium totalCap=75 current=65 reserved=0 pending=0 => available=10 [bucket=param]
[21:12:17.183] [PUAHForked] [GetAvailableCapacity] [ReservationSystem.cs:775] [DEBUG] PRS.GetAvailableCapacity loc=(128, 0, 178) def=Uranium totalCap=75 current=65 reserved=0 pending=0 => available=10 [bucket=global]
[21:12:17.183] [PUAHForked] [GetAvailableCapacity] [ReservationSystem.cs:775] [DEBUG] PRS.GetAvailableCapacity loc=(127, 0, 178) def=Uranium totalCap=75 current=70 reserved=0 pending=0 => available=5 [bucket=param]
[21:12:17.183] [PUAHForked] [GetAvailableCapacity] [ReservationSystem.cs:775] [DEBUG] PRS.GetAvailableCapacity loc=(127, 0, 178) def=Uranium totalCap=75 current=70 reserved=0 pending=0 => available=5 [bucket=global]
[21:12:17.183] [PUAHForked] [GetAvailableCapacity] [ReservationSystem.cs:775] [DEBUG] PRS.GetAvailableCapacity loc=(130, 0, 178) def=Uranium totalCap=75 current=70 reserved=0 pending=0 => available=5 [bucket=param]
[21:12:17.183] [PUAHForked] [GetAvailableCapacity] [ReservationSystem.cs:775] [DEBUG] PRS.GetAvailableCapacity loc=(130, 0, 178) def=Uranium totalCap=75 current=70 reserved=0 pending=0 => available=5 [bucket=global]
[21:12:17.184] [PUAHForked] [GetAvailableCapacity] [ReservationSystem.cs:775] [DEBUG] PRS.GetAvailableCapacity loc=(128, 0, 178) def=Uranium totalCap=75 current=65 reserved=0 pending=0 => available=10 [bucket=param]
[21:12:17.184] [PUAHForked] [GetAvailableCapacity] [ReservationSystem.cs:775] [DEBUG] PRS.GetAvailableCapacity loc=(128, 0, 178) def=Uranium totalCap=75 current=65 reserved=0 pending=0 => available=10 [bucket=global]
[21:12:17.184] [PUAHForked] [GetAvailableCapacity] [ReservationSystem.cs:775] [DEBUG] PRS.GetAvailableCapacity loc=(127, 0, 178) def=Uranium totalCap=75 current=70 reserved=0 pending=0 => available=5 [bucket=param]
[21:12:17.184] [PUAHForked] [GetAvailableCapacity] [ReservationSystem.cs:775] [DEBUG] PRS.GetAvailableCapacity loc=(127, 0, 178) def=Uranium totalCap=75 current=70 reserved=0 pending=0 => available=5 [bucket=global]
[21:12:17.184] [PUAHForked] [GetAvailableCapacity] [ReservationSystem.cs:775] [DEBUG] PRS.GetAvailableCapacity loc=(130, 0, 178) def=Uranium totalCap=75 current=70 reserved=0 pending=0 => available=5 [bucket=param]
[21:12:17.184] [PUAHForked] [GetAvailableCapacity] [ReservationSystem.cs:775] [DEBUG] PRS.GetAvailableCapacity loc=(130, 0, 178) def=Uranium totalCap=75 current=70 reserved=0 pending=0 => available=5 [bucket=global]
[21:12:17.184] [PUAHForked] [GetAvailableCapacity] [ReservationSystem.cs:775] [DEBUG] PRS.GetAvailableCapacity loc=(128, 0, 178) def=Uranium totalCap=75 current=65 reserved=0 pending=0 => available=10 [bucket=param]
[21:12:17.184] [PUAHForked] [GetAvailableCapacity] [ReservationSystem.cs:775] [DEBUG] PRS.GetAvailableCapacity loc=(128, 0, 178) def=Uranium totalCap=75 current=65 reserved=0 pending=0 => available=10 [bucket=param]
[21:12:17.184] [PUAHForked] [GetAvailableCapacity] [ReservationSystem.cs:775] [DEBUG] PRS.GetAvailableCapacity loc=(128, 0, 178) def=Uranium totalCap=75 current=65 reserved=10 pending=0 => available=0 [bucket=param]
[21:12:17.184] [PUAHForked] [FindTargetOrDrop] [JobDriver_UnloadYourHauledInventory.cs:196] [DEBUG] Try reserve unload dest (128, 0, 178): reserved=True, available=10, reservedByThisJob=0
[21:12:17.184] [PUAHForked] [FindTargetOrDrop] [JobDriver_UnloadYourHauledInventory.cs:197] [DEBUG] Unload pick dest=(128, 0, 178) available=10 reservedByThisJob=0
[21:12:17.184] [PUAHForked] [GetAvailableCapacity] [ReservationSystem.cs:775] [DEBUG] PRS.GetAvailableCapacity loc=(128, 0, 178) def=Uranium totalCap=75 current=65 reserved=10 pending=0 => available=0 [bucket=param]
[21:12:17.184] [PUAHForked] [FindTargetOrDrop] [JobDriver_UnloadYourHauledInventory.cs:228] [DEBUG] Mila01 found destination (128, 0, 178) for thing Uranium127860 (count=10)
[21:12:17.184] [PUAHForked] [FindTargetOrDrop] [JobDriver_UnloadYourHauledInventory.cs:229] [DEBUG] Unload will place 10 at (128, 0, 178); thing=Uranium127860 remainingAfter=10
[21:12:17.185] [PUAHForked] [PullItemFromInventory] [JobDriver_UnloadYourHauledInventory.cs:119] [DEBUG] Pulled from inventory to carryTracker: Uranium127864 count=10
[21:12:17.731] [PUAHForked] [FindTargetOrDrop] [JobDriver_UnloadYourHauledInventory.cs:145] [DEBUG] FindTargetOrDrop: next unload=Uranium127860 count=10
[21:12:17.731] [PUAHForked] [GetAvailableCapacity] [ReservationSystem.cs:775] [DEBUG] PRS.GetAvailableCapacity loc=(128, 0, 178) def=Uranium totalCap=75 current=75 reserved=0 pending=0 => available=0 [bucket=param]
[21:12:17.731] [PUAHForked] [GetAvailableCapacity] [ReservationSystem.cs:775] [DEBUG] PRS.GetAvailableCapacity loc=(127, 0, 178) def=Uranium totalCap=75 current=70 reserved=0 pending=0 => available=5 [bucket=global]
[21:12:17.731] [PUAHForked] [GetAvailableCapacity] [ReservationSystem.cs:775] [DEBUG] PRS.GetAvailableCapacity loc=(128, 0, 178) def=Uranium totalCap=75 current=75 reserved=0 pending=0 => available=0 [bucket=param]
[21:12:17.731] [PUAHForked] [GetAvailableCapacity] [ReservationSystem.cs:775] [DEBUG] PRS.GetAvailableCapacity loc=(130, 0, 178) def=Uranium totalCap=75 current=70 reserved=0 pending=0 => available=5 [bucket=global]
[21:12:17.731] [PUAHForked] [GetAvailableCapacity] [ReservationSystem.cs:775] [DEBUG] PRS.GetAvailableCapacity loc=(128, 0, 178) def=Uranium totalCap=75 current=75 reserved=0 pending=0 => available=0 [bucket=param]
[21:12:17.731] [PUAHForked] [GetAvailableCapacity] [ReservationSystem.cs:775] [DEBUG] PRS.GetAvailableCapacity loc=(127, 0, 178) def=Uranium totalCap=75 current=70 reserved=0 pending=0 => available=5 [bucket=global]
[21:12:17.731] [PUAHForked] [GetAvailableCapacity] [ReservationSystem.cs:775] [DEBUG] PRS.GetAvailableCapacity loc=(128, 0, 178) def=Uranium totalCap=75 current=75 reserved=0 pending=0 => available=0 [bucket=param]
[21:12:17.731] [PUAHForked] [GetAvailableCapacity] [ReservationSystem.cs:775] [DEBUG] PRS.GetAvailableCapacity loc=(130, 0, 178) def=Uranium totalCap=75 current=70 reserved=0 pending=0 => available=5 [bucket=global]
[21:12:17.731] [PUAHForked] [GetAvailableCapacity] [ReservationSystem.cs:775] [DEBUG] PRS.GetAvailableCapacity loc=(128, 0, 178) def=Uranium totalCap=75 current=75 reserved=0 pending=0 => available=0 [bucket=param]
[21:12:17.731] [PUAHForked] [GetAvailableCapacity] [ReservationSystem.cs:775] [DEBUG] PRS.GetAvailableCapacity loc=(128, 0, 178) def=Uranium totalCap=75 current=75 reserved=0 pending=0 => available=0 [bucket=param]
[21:12:17.731] [PUAHForked] [FindTargetOrDrop] [JobDriver_UnloadYourHauledInventory.cs:196] [DEBUG] Try reserve unload dest (127, 0, 178): reserved=True, available=5, reservedByThisJob=0
[21:12:17.731] [PUAHForked] [FindTargetOrDrop] [JobDriver_UnloadYourHauledInventory.cs:197] [DEBUG] Unload pick dest=(127, 0, 178) available=5 reservedByThisJob=0
[21:12:17.731] [PUAHForked] [GetAvailableCapacity] [ReservationSystem.cs:775] [DEBUG] PRS.GetAvailableCapacity loc=(127, 0, 178) def=Uranium totalCap=75 current=70 reserved=0 pending=0 => available=5 [bucket=param]
[21:12:17.731] [PUAHForked] [FindTargetOrDrop] [JobDriver_UnloadYourHauledInventory.cs:228] [DEBUG] Mila01 found destination (127, 0, 178) for thing Uranium127860 (count=5)
[21:12:17.731] [PUAHForked] [FindTargetOrDrop] [JobDriver_UnloadYourHauledInventory.cs:229] [DEBUG] Unload will place 5 at (127, 0, 178); thing=Uranium127860 remainingAfter=5
[21:12:17.731] [PUAHForked] [PullItemFromInventory] [JobDriver_UnloadYourHauledInventory.cs:119] [DEBUG] Pulled from inventory to carryTracker: Uranium127865 count=5
[21:12:18.281] [PUAHForked] [FindTargetOrDrop] [JobDriver_UnloadYourHauledInventory.cs:145] [DEBUG] FindTargetOrDrop: next unload=Uranium127860 count=5
[21:12:18.281] [PUAHForked] [GetAvailableCapacity] [ReservationSystem.cs:775] [DEBUG] PRS.GetAvailableCapacity loc=(127, 0, 178) def=Uranium totalCap=75 current=75 reserved=0 pending=0 => available=0 [bucket=param]
[21:12:18.281] [PUAHForked] [GetAvailableCapacity] [ReservationSystem.cs:775] [DEBUG] PRS.GetAvailableCapacity loc=(130, 0, 178) def=Uranium totalCap=75 current=70 reserved=0 pending=0 => available=5 [bucket=global]
[21:12:18.281] [PUAHForked] [GetAvailableCapacity] [ReservationSystem.cs:775] [DEBUG] PRS.GetAvailableCapacity loc=(127, 0, 178) def=Uranium totalCap=75 current=75 reserved=0 pending=0 => available=0 [bucket=param]
[21:12:18.282] [PUAHForked] [GetAvailableCapacity] [ReservationSystem.cs:775] [DEBUG] PRS.GetAvailableCapacity loc=(130, 0, 178) def=Uranium totalCap=75 current=70 reserved=0 pending=0 => available=5 [bucket=global]
[21:12:18.282] [PUAHForked] [GetAvailableCapacity] [ReservationSystem.cs:775] [DEBUG] PRS.GetAvailableCapacity loc=(127, 0, 178) def=Uranium totalCap=75 current=75 reserved=0 pending=0 => available=0 [bucket=param]
[21:12:18.282] [PUAHForked] [GetAvailableCapacity] [ReservationSystem.cs:775] [DEBUG] PRS.GetAvailableCapacity loc=(127, 0, 178) def=Uranium totalCap=75 current=75 reserved=0 pending=0 => available=0 [bucket=param]
[21:12:18.282] [PUAHForked] [FindTargetOrDrop] [JobDriver_UnloadYourHauledInventory.cs:196] [DEBUG] Try reserve unload dest (130, 0, 178): reserved=True, available=5, reservedByThisJob=0
[21:12:18.282] [PUAHForked] [FindTargetOrDrop] [JobDriver_UnloadYourHauledInventory.cs:197] [DEBUG] Unload pick dest=(130, 0, 178) available=5 reservedByThisJob=0
[21:12:18.282] [PUAHForked] [GetAvailableCapacity] [ReservationSystem.cs:775] [DEBUG] PRS.GetAvailableCapacity loc=(130, 0, 178) def=Uranium totalCap=75 current=70 reserved=0 pending=0 => available=5 [bucket=param]
[21:12:18.282] [PUAHForked] [FindTargetOrDrop] [JobDriver_UnloadYourHauledInventory.cs:228] [DEBUG] Mila01 found destination (130, 0, 178) for thing Uranium127860 (count=5)
[21:12:18.282] [PUAHForked] [FindTargetOrDrop] [JobDriver_UnloadYourHauledInventory.cs:229] [DEBUG] Unload will place 5 at (130, 0, 178); thing=Uranium127860 remainingAfter=0
[21:12:18.282] [PUAHForked] [PullItemFromInventory] [JobDriver_UnloadYourHauledInventory.cs:119] [DEBUG] Pulled from inventory to carryTracker: Uranium127860 count=5
[21:12:19.582] [PUAHForked] [MakeNewToils] [JobDriver_UnloadYourHauledInventory.cs:26] [DEBUG] Begin UnloadYourHauledInventory for Mila01, items=0
[21:12:28.534] [PUAHForked] [InitStreamWriter] [DebugLog.cs:0] PickUpAndHaul Debug Logger initialized.
